src/app/(dashboard)/categories/page.tsx(51,61): error TS2769: No overload matches this call.
  Overload 1 of 2, '(values: never, options?: { count?: "exact" | "planned" | "estimated" | undefined; } | undefined): PostgrestFilterBuilder<{ PostgrestVersion: "12"; }, never, never, null, "categories", never, "POST">', gave the following error.
    Argument of type '{ name: string; description: string | null; system_type: string; company_id: string | null | undefined; }[]' is not assignable to parameter of type 'never'.
  Overload 2 of 2, '(values: never[], options?: { count?: "exact" | "planned" | "estimated" | undefined; defaultToNull?: boolean | undefined; } | undefined): PostgrestFilterBuilder<{ PostgrestVersion: "12"; }, never, never, null, "categories", never, "POST">', gave the following error.
    Type '{ name: string; description: string | null; system_type: string; company_id: string | null | undefined; }' is not assignable to type 'never'.
src/app/(dashboard)/categories/page.tsx(73,68): error TS2345: Argument of type '{ name: string; description: string | null; }' is not assignable to parameter of type 'never'.
src/app/(dashboard)/inbound/page.tsx(74,34): error TS2339: Property 'metadata' does not exist on type 'never'.
src/app/(dashboard)/operations/audit/_components/CreateAuditModal.tsx(112,44): error TS2339: Property 'is_default' does not exist on type 'never'.
src/app/(dashboard)/operations/audit/_components/CreateAuditModal.tsx(113,48): error TS2339: Property 'id' does not exist on type 'never'.
src/app/(dashboard)/operations/audit/_components/CreateAuditModal.tsx(183,52): error TS2339: Property 'id' does not exist on type 'never'.
src/app/(dashboard)/operations/audit/_components/CreateAuditModal.tsx(191,61): error TS2339: Property 'id' does not exist on type 'never'.
src/app/(dashboard)/operations/audit/_components/CreateAuditModal.tsx(196,56): error TS2339: Property 'unit' does not exist on type 'never'.
src/app/(dashboard)/operations/audit/_components/CreateAuditModal.tsx(199,27): error TS2339: Property 'id' does not exist on type 'never'.
src/app/(dashboard)/operations/audit/_components/CreateAuditModal.tsx(200,29): error TS2339: Property 'name' does not exist on type 'never'.
src/app/(dashboard)/operations/audit/_components/CreateAuditModal.tsx(201,28): error TS2339: Property 'sku' does not exist on type 'never'.
src/app/(dashboard)/operations/audit/_hooks/useAudit.ts(190,53): error TS2339: Property 'check_id' does not exist on type 'never'.
src/app/(dashboard)/operations/audit/_hooks/useAudit.ts(192,54): error TS2339: Property 'actual_quantity' does not exist on type 'never'.
src/app/(dashboard)/operations/audit/_hooks/useAudit.ts(198,59): error TS2339: Property 'actual_quantity' does not exist on type 'never'.
src/app/(dashboard)/operations/audit/_hooks/useAudit.ts(198,89): error TS2339: Property 'difference' does not exist on type 'never'.
src/app/(dashboard)/operations/audit/_hooks/useAudit.ts(199,56): error TS2339: Property 'actual_quantity' does not exist on type 'never'.
src/app/(dashboard)/operations/audit/_hooks/useAudit.ts(199,86): error TS2339: Property 'difference' does not exist on type 'never'.
src/app/(dashboard)/operations/audit/_hooks/useAudit.ts(200,63): error TS2339: Property 'actual_quantity' does not exist on type 'never'.
src/app/(dashboard)/operations/audit/_hooks/useAudit.ts(200,93): error TS2339: Property 'actual_quantity' does not exist on type 'never'.
src/app/(dashboard)/operations/audit/_hooks/useAudit.ts(200,115): error TS2339: Property 'lot_system_quantity' does not exist on type 'never'.
src/app/(dashboard)/operations/audit/_hooks/useAudit.ts(201,67): error TS2339: Property 'actual_quantity' does not exist on type 'never'.
src/app/(dashboard)/operations/audit/_hooks/useAudit.ts(201,97): error TS2339: Property 'actual_quantity' does not exist on type 'never'.
src/app/(dashboard)/operations/audit/_hooks/useAudit.ts(201,119): error TS2339: Property 'lot_system_quantity' does not exist on type 'never'.
src/app/(dashboard)/operations/audit/_hooks/useAudit.ts(251,18): error TS2769: No overload matches this call.
  Overload 1 of 2, '(values: never, options?: { count?: "exact" | "planned" | "estimated" | undefined; } | undefined): PostgrestFilterBuilder<{ PostgrestVersion: "12"; }, never, never, null, "inventory_checks", never, "POST">', gave the following error.
    Argument of type '{ code: string; warehouse_id: string | null; warehouse_name: string | null; note: string; system_code: string; created_by: string; status: string; scope: "ALL" | "PARTIAL"; participants: any; }' is not assignable to parameter of type 'never'.
  Overload 2 of 2, '(values: never[], options?: { count?: "exact" | "planned" | "estimated" | undefined; defaultToNull?: boolean | undefined; } | undefined): PostgrestFilterBuilder<{ PostgrestVersion: "12"; }, never, never, null, "inventory_checks", never, "POST">', gave the following error.
    Object literal may only specify known properties, and 'code' does not exist in type 'never[]'.
src/app/(dashboard)/operations/audit/_hooks/useAudit.ts(268,39): error TS2339: Property 'id' does not exist on type 'never'.
src/app/(dashboard)/operations/audit/_hooks/useAudit.ts(358,58): error TS2339: Property 'id' does not exist on type 'never'.
src/app/(dashboard)/operations/audit/_hooks/useAudit.ts(376,48): error TS2339: Property 'sku' does not exist on type 'never'.
src/app/(dashboard)/operations/audit/_hooks/useAudit.ts(377,49): error TS2339: Property 'name' does not exist on type 'never'.
src/app/(dashboard)/operations/audit/_hooks/useAudit.ts(433,29): error TS2769: No overload matches this call.
  Overload 1 of 2, '(values: never, options?: { count?: "exact" | "planned" | "estimated" | undefined; } | undefined): PostgrestFilterBuilder<{ PostgrestVersion: "12"; }, never, never, null, "inventory_check_items", never, "POST">', gave the following error.
    Argument of type 'any[]' is not assignable to parameter of type 'never'.
  Overload 2 of 2, '(values: never[], options?: { count?: "exact" | "planned" | "estimated" | undefined; defaultToNull?: boolean | undefined; } | undefined): PostgrestFilterBuilder<{ PostgrestVersion: "12"; }, never, never, null, "inventory_check_items", never, "POST">', gave the following error.
    Argument of type 'any[]' is not assignable to parameter of type 'never[]'.
      Type 'any' is not assignable to type 'never'.
src/app/(dashboard)/operations/audit/_hooks/useAudit.ts(494,48): error TS2339: Property 'actual_quantity' does not exist on type 'never'.
src/app/(dashboard)/operations/audit/_hooks/useAudit.ts(500,53): error TS2339: Property 'actual_quantity' does not exist on type 'never'.
src/app/(dashboard)/operations/audit/_hooks/useAudit.ts(500,83): error TS2339: Property 'difference' does not exist on type 'never'.
src/app/(dashboard)/operations/audit/_hooks/useAudit.ts(501,50): error TS2339: Property 'actual_quantity' does not exist on type 'never'.
src/app/(dashboard)/operations/audit/_hooks/useAudit.ts(501,80): error TS2339: Property 'difference' does not exist on type 'never'.
src/app/(dashboard)/operations/audit/_hooks/useAudit.ts(502,57): error TS2339: Property 'actual_quantity' does not exist on type 'never'.
src/app/(dashboard)/operations/audit/_hooks/useAudit.ts(502,87): error TS2339: Property 'actual_quantity' does not exist on type 'never'.
src/app/(dashboard)/operations/audit/_hooks/useAudit.ts(502,109): error TS2339: Property 'lot_system_quantity' does not exist on type 'never'.
src/app/(dashboard)/operations/audit/_hooks/useAudit.ts(503,61): error TS2339: Property 'actual_quantity' does not exist on type 'never'.
src/app/(dashboard)/operations/audit/_hooks/useAudit.ts(503,91): error TS2339: Property 'actual_quantity' does not exist on type 'never'.
src/app/(dashboard)/operations/audit/_hooks/useAudit.ts(503,113): error TS2339: Property 'lot_system_quantity' does not exist on type 'never'.
src/app/(dashboard)/operations/audit/_hooks/useAudit.ts(520,13): error TS2698: Spread types may only be created from object types.
src/app/(dashboard)/operations/audit/_hooks/useAudit.ts(538,55): error TS2339: Property 'id' does not exist on type 'never'.
src/app/(dashboard)/operations/audit/_hooks/useAudit.ts(569,21): error TS2345: Argument of type '{ actual_quantity: number | null; difference: number; note: string | undefined; }' is not assignable to parameter of type 'never'.
src/app/(dashboard)/operations/audit/_hooks/useAudit.ts(634,25): error TS2345: Argument of type '{ [x: string]: string; }' is not assignable to parameter of type 'never'.
src/app/(dashboard)/operations/audit/_hooks/useAudit.ts(642,18): error TS2769: No overload matches this call.
  Overload 1 of 2, '(values: never, options?: { count?: "exact" | "planned" | "estimated" | undefined; } | undefined): PostgrestFilterBuilder<{ PostgrestVersion: "12"; }, never, never, null, "inventory_check_item_logs", never, "POST">', gave the following error.
    Argument of type '{ item_id: string; user_id: string | undefined; user_name: string; content: string; actual_quantity: number | null; system_quantity: number; unit: string | null; snapshot_data: { id: string; unit: string | null; actual_quantity: number | null; system_quantity: number; difference: number; }[]; is_reviewer: boolean; c...' is not assignable to parameter of type 'never'.
  Overload 2 of 2, '(values: never[], options?: { count?: "exact" | "planned" | "estimated" | undefined; defaultToNull?: boolean | undefined; } | undefined): PostgrestFilterBuilder<{ PostgrestVersion: "12"; }, never, never, null, "inventory_check_item_logs", never, "POST">', gave the following error.
    Object literal may only specify known properties, and 'item_id' does not exist in type 'never[]'.
src/app/(dashboard)/operations/audit/_hooks/useAudit.ts(672,25): error TS2345: Argument of type '{ status: string; updated_at: string; }' is not assignable to parameter of type 'never'.
src/app/(dashboard)/operations/audit/_hooks/useAudit.ts(692,21): error TS2345: Argument of type '{ [x: string]: string; }' is not assignable to parameter of type 'never'.
src/app/(dashboard)/operations/audit/_hooks/useAudit.ts(755,25): error TS2345: Argument of type '{ status: string; approval_status: string; reviewer_id: string; reviewed_at: string; rejection_reason: string; }' is not assignable to parameter of type 'never'.
src/app/(dashboard)/operations/audit/_hooks/useAudit.ts(832,29): error TS2769: No overload matches this call.
  Overload 1 of 2, '(values: never, options?: { onConflict?: string | undefined; ignoreDuplicates?: boolean | undefined; count?: "exact" | "planned" | "estimated" | undefined; } | undefined): PostgrestFilterBuilder<{ ...; }, ... 5 more ..., "POST">', gave the following error.
    Argument of type '{ id: string; check_id: string; product_id: string; actual_quantity: number; difference: number; }[]' is not assignable to parameter of type 'never'.
  Overload 2 of 2, '(values: never[], options?: { onConflict?: string | undefined; ignoreDuplicates?: boolean | undefined; count?: "exact" | "planned" | "estimated" | undefined; defaultToNull?: boolean | undefined; } | undefined): PostgrestFilterBuilder<...>', gave the following error.
    Argument of type '{ id: string; check_id: string; product_id: string; actual_quantity: number; difference: number; }[]' is not assignable to parameter of type 'never[]'.
      Type '{ id: string; check_id: string; product_id: string; actual_quantity: number; difference: number; }' is not assignable to type 'never'.
src/app/(dashboard)/operations/audit/_hooks/useAudit.ts(856,25): error TS2345: Argument of type '{ lot_adjusted_at: string; lot_adjusted_by: string; }' is not assignable to parameter of type 'never'.
src/app/(dashboard)/outbound/page.tsx(73,34): error TS2339: Property 'metadata' does not exist on type 'never'.
src/app/(dashboard)/production-inventory/_components/EditSiteInboundModal.tsx(120,25): error TS2345: Argument of type '{ supplier_id: string | null; notes: string; inbound_date: string; metadata: any; }' is not assignable to parameter of type 'never'.
src/app/(dashboard)/production-inventory/_components/EditSiteInboundModal.tsx(135,29): error TS2345: Argument of type '{ quantity: number; unit: string; }' is not assignable to parameter of type 'never'.
src/app/(dashboard)/production-inventory/_components/SiteDirectInboundModal.tsx(67,90): error TS2339: Property 'name' does not exist on type 'never'.
src/app/(dashboard)/production-inventory/_components/SiteDirectInboundModal.tsx(67,116): error TS2339: Property 'name' does not exist on type 'never'.
src/app/(dashboard)/production-inventory/_components/SiteDirectInboundModal.tsx(129,18): error TS2769: No overload matches this call.
  Overload 1 of 2, '(values: never, options?: { count?: "exact" | "planned" | "estimated" | undefined; } | undefined): PostgrestFilterBuilder<{ PostgrestVersion: "12"; }, never, never, null, "lots", never, "POST">', gave the following error.
    Argument of type '{ code: string; warehouse_name: string; system_code: string; supplier_id: string | null; inbound_date: string; status: string; metadata: { source: string; notes: string; invoice_url: string; invoice_view_link: string; created_at: string; system_history: { ...; }; }; }' is not assignable to parameter of type 'never'.
  Overload 2 of 2, '(values: never[], options?: { count?: "exact" | "planned" | "estimated" | undefined; defaultToNull?: boolean | undefined; } | undefined): PostgrestFilterBuilder<{ PostgrestVersion: "12"; }, never, never, null, "lots", never, "POST">', gave the following error.
    Object literal may only specify known properties, and 'code' does not exist in type 'never[]'.
src/app/(dashboard)/production-inventory/_components/SiteDirectInboundModal.tsx(162,18): error TS2769: No overload matches this call.
  Overload 1 of 2, '(values: never, options?: { count?: "exact" | "planned" | "estimated" | undefined; } | undefined): PostgrestFilterBuilder<{ PostgrestVersion: "12"; }, never, never, null, "lot_items", never, "POST">', gave the following error.
    Argument of type '{ lot_id: any; product_id: any; quantity: number; unit: any; }' is not assignable to parameter of type 'never'.
  Overload 2 of 2, '(values: never[], options?: { count?: "exact" | "planned" | "estimated" | undefined; defaultToNull?: boolean | undefined; } | undefined): PostgrestFilterBuilder<{ PostgrestVersion: "12"; }, never, never, null, "lot_items", never, "POST">', gave the following error.
    Object literal may only specify known properties, and 'lot_id' does not exist in type 'never[]'.
src/app/(dashboard)/production-inventory/_components/SiteDirectInboundModal.tsx(163,33): error TS2339: Property 'id' does not exist on type 'never'.
src/app/(dashboard)/production-inventory/_components/SiteDirectInboundModal.tsx(174,28): error TS2339: Property 'id' does not exist on type 'never'.
src/app/(dashboard)/qc/page.tsx(135,29): error TS2345: Argument of type 'any' is not assignable to parameter of type 'never'.
src/app/(dashboard)/qc/page.tsx(157,22): error TS2769: No overload matches this call.
  Overload 1 of 2, '(values: never, options?: { count?: "exact" | "planned" | "estimated" | undefined; } | undefined): PostgrestFilterBuilder<{ PostgrestVersion: "12"; }, never, never, null, "qc_info", never, "POST">', gave the following error.
    Argument of type 'any[]' is not assignable to parameter of type 'never'.
  Overload 2 of 2, '(values: never[], options?: { count?: "exact" | "planned" | "estimated" | undefined; defaultToNull?: boolean | undefined; } | undefined): PostgrestFilterBuilder<{ PostgrestVersion: "12"; }, never, never, null, "qc_info", never, "POST">', gave the following error.
    Type 'any' is not assignable to type 'never'.
src/app/(dashboard)/qc/page.tsx(167,40): error TS2339: Property 'id' does not exist on type 'never'.
src/app/(dashboard)/qc/page.tsx(170,42): error TS2339: Property 'system_code' does not exist on type 'never'.
src/app/(dashboard)/reports/accounting-history/page.tsx(109,51): error TS2339: Property 'id' does not exist on type 'never'.
src/app/(dashboard)/reports/accounting-history/page.tsx(110,36): error TS2339: Property 'unit' does not exist on type 'never'.
src/app/(dashboard)/reports/accounting-history/page.tsx(112,57): error TS2339: Property 'unit' does not exist on type 'never'.
src/app/(dashboard)/reports/accounting-history/page.tsx(122,51): error TS2339: Property 'id' does not exist on type 'never'.
src/app/(dashboard)/reports/accounting-history/page.tsx(131,36): error TS2339: Property 'sku' does not exist on type 'never'.
src/app/(dashboard)/reports/accounting-history/page.tsx(132,37): error TS2339: Property 'name' does not exist on type 'never'.
src/app/(dashboard)/reports/accounting-history/page.tsx(152,51): error TS2339: Property 'id' does not exist on type 'never'.
src/app/(dashboard)/reports/accounting-history/page.tsx(156,109): error TS2339: Property 'unit' does not exist on type 'never'.
src/app/(dashboard)/reports/accounting-history/page.tsx(176,51): error TS2339: Property 'id' does not exist on type 'never'.
src/app/(dashboard)/reports/accounting-history/page.tsx(180,109): error TS2339: Property 'unit' does not exist on type 'never'.
src/app/(dashboard)/reports/accounting-history/page.tsx(562,50): error TS2339: Property 'order' does not exist on type 'never'.
src/app/(dashboard)/reports/accounting-history/page.tsx(568,51): error TS2339: Property 'order' does not exist on type 'never'.
src/app/(dashboard)/reports/linked-journal/page.tsx(62,34): error TS2339: Property 'metadata' does not exist on type 'never'.
src/app/(dashboard)/reports/linked-journal/page.tsx(74,37): error TS2339: Property 'id' does not exist on type 'never'.
src/app/(dashboard)/reports/linked-journal/page.tsx(75,39): error TS2339: Property 'code' does not exist on type 'never'.
src/app/(dashboard)/site-inventory/_components/EditSiteInboundModal.tsx(120,25): error TS2345: Argument of type '{ supplier_id: string | null; notes: string; inbound_date: string; metadata: any; }' is not assignable to parameter of type 'never'.
src/app/(dashboard)/site-inventory/_components/EditSiteInboundModal.tsx(135,29): error TS2345: Argument of type '{ quantity: number; unit: string; }' is not assignable to parameter of type 'never'.
src/app/(dashboard)/site-inventory/_components/LoanReturnModal.tsx(46,42): error TS2339: Property 'quantity' does not exist on type 'never'.
src/app/(dashboard)/site-inventory/_components/LoanReturnModal.tsx(47,61): error TS2345: Argument of type '{ quantity: any; }' is not assignable to parameter of type 'never'.
src/app/(dashboard)/site-inventory/_components/LoanReturnModal.tsx(56,44): error TS2339: Property 'lot_id' does not exist on type 'never'.
src/app/(dashboard)/site-inventory/_components/SiteDirectInboundModal.tsx(67,90): error TS2339: Property 'name' does not exist on type 'never'.
src/app/(dashboard)/site-inventory/_components/SiteDirectInboundModal.tsx(67,116): error TS2339: Property 'name' does not exist on type 'never'.
src/app/(dashboard)/site-inventory/_components/SiteDirectInboundModal.tsx(129,18): error TS2769: No overload matches this call.
  Overload 1 of 2, '(values: never, options?: { count?: "exact" | "planned" | "estimated" | undefined; } | undefined): PostgrestFilterBuilder<{ PostgrestVersion: "12"; }, never, never, null, "lots", never, "POST">', gave the following error.
    Argument of type '{ code: string; warehouse_name: string; system_code: string; supplier_id: string | null; inbound_date: string; status: string; metadata: { source: string; notes: string; invoice_url: string; invoice_view_link: string; created_at: string; system_history: { ...; }; }; }' is not assignable to parameter of type 'never'.
  Overload 2 of 2, '(values: never[], options?: { count?: "exact" | "planned" | "estimated" | undefined; defaultToNull?: boolean | undefined; } | undefined): PostgrestFilterBuilder<{ PostgrestVersion: "12"; }, never, never, null, "lots", never, "POST">', gave the following error.
    Object literal may only specify known properties, and 'code' does not exist in type 'never[]'.
src/app/(dashboard)/site-inventory/_components/SiteDirectInboundModal.tsx(162,18): error TS2769: No overload matches this call.
  Overload 1 of 2, '(values: never, options?: { count?: "exact" | "planned" | "estimated" | undefined; } | undefined): PostgrestFilterBuilder<{ PostgrestVersion: "12"; }, never, never, null, "lot_items", never, "POST">', gave the following error.
    Argument of type '{ lot_id: any; product_id: any; quantity: number; unit: any; }' is not assignable to parameter of type 'never'.
  Overload 2 of 2, '(values: never[], options?: { count?: "exact" | "planned" | "estimated" | undefined; defaultToNull?: boolean | undefined; } | undefined): PostgrestFilterBuilder<{ PostgrestVersion: "12"; }, never, never, null, "lot_items", never, "POST">', gave the following error.
    Object literal may only specify known properties, and 'lot_id' does not exist in type 'never[]'.
src/app/(dashboard)/site-inventory/_components/SiteDirectInboundModal.tsx(163,33): error TS2339: Property 'id' does not exist on type 'never'.
src/app/(dashboard)/site-inventory/_components/SiteDirectInboundModal.tsx(174,28): error TS2339: Property 'id' does not exist on type 'never'.
src/app/(dashboard)/users/page.tsx(88,21): error TS2345: Argument of type '{ is_active: boolean; }' is not assignable to parameter of type 'never'.
src/app/(dashboard)/users/permissions/definitions/page.tsx(195,125): error TS18046: 'perms' is of type 'unknown'.
src/app/(dashboard)/users/permissions/definitions/page.tsx(198,34): error TS18046: 'perms' is of type 'unknown'.
src/app/(dashboard)/users/permissions/definitions/page.tsx(198,45): error TS7006: Parameter 'perm' implicitly has an 'any' type.
src/app/(dashboard)/vehicles/page.tsx(164,65): error TS7006: Parameter 'vehicle' implicitly has an 'any' type.
src/app/(dashboard)/warehouses/lots/scan/[code]/page.tsx(138,49): error TS2339: Property 'id' does not exist on type 'never'.
src/app/(dashboard)/warehouses/lots/scan/[code]/page.tsx(138,58): error TS2339: Property 'code' does not exist on type 'never'.
src/app/(dashboard)/warehouses/lots/scan/[code]/page.tsx(153,25): error TS2345: Argument of type 'any' is not assignable to parameter of type 'never'.
src/app/(dashboard)/warehouses/lots/scan/[code]/page.tsx(174,25): error TS2345: Argument of type 'any' is not assignable to parameter of type 'never'.
src/app/(dashboard)/warehouses/requisitions/page.tsx(64,25): error TS2345: Argument of type '{ status: string; updated_at: string; }' is not assignable to parameter of type 'never'.
src/app/(dashboard)/warehouses/requisitions/page.tsx(81,25): error TS2345: Argument of type '{ status: string; updated_at: string; }' is not assignable to parameter of type 'never'.
src/app/(dashboard)/warehouses/scan/assign/page.tsx(292,37): error TS2339: Property 'id' does not exist on type 'never'.
src/app/(dashboard)/warehouses/scan/assign/page.tsx(293,63): error TS2339: Property 'code' does not exist on type 'never'.
src/app/(dashboard)/warehouses/scan/assign/page.tsx(325,25): error TS2345: Argument of type 'any' is not assignable to parameter of type 'never'.
src/app/(dashboard)/warehouses/scan/assign/page.tsx(331,25): error TS2345: Argument of type 'any' is not assignable to parameter of type 'never'.
src/app/(dashboard)/warehouses/scan/assign/page.tsx(417,26): error TS2339: Property 'company_id' does not exist on type 'never'.
src/app/(dashboard)/warehouses/scan/assign/page.tsx(417,45): error TS2339: Property 'company_id' does not exist on type 'never'.
src/app/(dashboard)/warehouses/scan/assign/page.tsx(425,42): error TS2339: Property 'id' does not exist on type 'never'.
src/app/(dashboard)/warehouses/scan/assign/page.tsx(426,68): error TS2339: Property 'code' does not exist on type 'never'.
src/app/(dashboard)/warehouses/scan/assign/page.tsx(516,25): error TS2345: Argument of type 'any' is not assignable to parameter of type 'never'.
src/app/(dashboard)/warehouses/scan/assign/page.tsx(522,25): error TS2345: Argument of type 'any' is not assignable to parameter of type 'never'.
src/app/(dashboard)/warehouses/scan/export-order/page.tsx(98,77): error TS2339: Property 'created_by' does not exist on type 'never'.
src/app/(dashboard)/warehouses/scan/export-order/page.tsx(111,23): error TS2339: Property 'id' does not exist on type 'never'.
src/app/(dashboard)/warehouses/scan/export-order/page.tsx(112,25): error TS2339: Property 'code' does not exist on type 'never'.
src/app/(dashboard)/warehouses/scan/export-order/page.tsx(113,27): error TS2339: Property 'status' does not exist on type 'never'.
src/app/(dashboard)/warehouses/scan/export-order/page.tsx(114,31): error TS2339: Property 'created_at' does not exist on type 'never'.
src/app/(dashboard)/warehouses/scan/export-order/page.tsx(115,26): error TS2339: Property 'notes' does not exist on type 'never'.
src/app/(dashboard)/warehouses/scan/export-order/page.tsx(116,36): error TS2339: Property 'created_by' does not exist on type 'never'.
src/app/(dashboard)/warehouses/scan/export-order/page.tsx(116,60): error TS2339: Property 'created_by' does not exist on type 'never'.
src/app/(dashboard)/warehouses/scan/export-order/page.tsx(117,32): error TS2339: Property 'export_task_items' does not exist on type 'never'.
src/app/(dashboard)/warehouses/scan/export-order/page.tsx(331,29): error TS2345: Argument of type 'any' is not assignable to parameter of type 'never'.
src/app/(dashboard)/warehouses/scan/export-order/page.tsx(337,29): error TS2345: Argument of type 'any' is not assignable to parameter of type 'never'.
src/app/(dashboard)/warehouses/scan/export-order/page.tsx(344,25): error TS2345: Argument of type 'any' is not assignable to parameter of type 'never'.
src/app/(dashboard)/warehouses/scan/export/page.tsx(118,26): error TS2339: Property 'company_id' does not exist on type 'never'.
src/app/(dashboard)/warehouses/scan/export/page.tsx(118,45): error TS2339: Property 'company_id' does not exist on type 'never'.
src/app/(dashboard)/warehouses/scan/export/page.tsx(124,26): error TS2339: Property 'status' does not exist on type 'never'.
src/app/(dashboard)/warehouses/scan/export/page.tsx(124,58): error TS2339: Property 'quantity' does not exist on type 'never'.
src/app/(dashboard)/work/export-order/page.tsx(102,31): error TS2339: Property 'lot_id' does not exist on type 'never'.
src/app/(dashboard)/work/export-order/page.tsx(103,47): error TS2339: Property 'lot_id' does not exist on type 'never'.
src/app/(dashboard)/work/export-order/page.tsx(104,48): error TS2339: Property 'lot_id' does not exist on type 'never'.
src/app/(dashboard)/work/export-order/page.tsx(104,60): error TS2339: Property 'id' does not exist on type 'never'.
src/app/(dashboard)/work/export-order/page.tsx(186,77): error TS2339: Property 'created_by' does not exist on type 'never'.
src/app/(dashboard)/work/export-order/page.tsx(206,30): error TS2339: Property 'id' does not exist on type 'never'.
src/app/(dashboard)/work/export-order/page.tsx(207,32): error TS2339: Property 'code' does not exist on type 'never'.
src/app/(dashboard)/work/export-order/page.tsx(208,34): error TS2339: Property 'status' does not exist on type 'never'.
src/app/(dashboard)/work/export-order/page.tsx(209,38): error TS2339: Property 'created_at' does not exist on type 'never'.
src/app/(dashboard)/work/export-order/page.tsx(210,33): error TS2339: Property 'notes' does not exist on type 'never'.
src/app/(dashboard)/work/export-order/page.tsx(212,43): error TS2339: Property 'created_by' does not exist on type 'never'.
src/app/(dashboard)/work/export-order/page.tsx(212,70): error TS2339: Property 'created_by' does not exist on type 'never'.
src/app/(dashboard)/work/export-order/page.tsx(213,39): error TS2339: Property 'export_task_items' does not exist on type 'never'.
src/app/(dashboard)/work/export-order/page.tsx(266,29): error TS2345: Argument of type '{ status: string; }' is not assignable to parameter of type 'never'.
src/app/(dashboard)/work/export-order/page.tsx(289,29): error TS2345: Argument of type '{ status: string; }' is not assignable to parameter of type 'never'.
src/app/(dashboard)/work/inventory/page.tsx(433,18): error TS2769: No overload matches this call.
  Overload 1 of 2, '(values: never, options?: { count?: "exact" | "planned" | "estimated" | undefined; } | undefined): PostgrestFilterBuilder<{ PostgrestVersion: "12"; }, never, never, null, "internal_inventory_sessions", never, "POST">', gave the following error.
    Argument of type '{ name: string; status: string; system_code: string; company_id: string | null; created_by: string; warehouse_id: string | null; note: string; }' is not assignable to parameter of type 'never'.
  Overload 2 of 2, '(values: never[], options?: { count?: "exact" | "planned" | "estimated" | undefined; defaultToNull?: boolean | undefined; } | undefined): PostgrestFilterBuilder<{ PostgrestVersion: "12"; }, never, never, null, "internal_inventory_sessions", never, "POST">', gave the following error.
    Object literal may only specify known properties, and 'name' does not exist in type 'never[]'.
src/app/(dashboard)/work/inventory/page.tsx(447,39): error TS2339: Property 'name' does not exist on type 'never'.
src/app/(dashboard)/work/inventory/page.tsx(624,85): error TS2769: No overload matches this call.
  Overload 1 of 2, '(values: never, options?: { onConflict?: string | undefined; ignoreDuplicates?: boolean | undefined; count?: "exact" | "planned" | "estimated" | undefined; } | undefined): PostgrestFilterBuilder<{ ...; }, ... 5 more ..., "POST">', gave the following error.
    Argument of type '{ session_id: string; position_id: string; zone_id: string | null; checked: boolean; note: string | null; checked_by: string; checked_at: string; lot_id_snapshot: string | null; is_modified: boolean; }' is not assignable to parameter of type 'never'.
  Overload 2 of 2, '(values: never[], options?: { onConflict?: string | undefined; ignoreDuplicates?: boolean | undefined; count?: "exact" | "planned" | "estimated" | undefined; defaultToNull?: boolean | undefined; } | undefined): PostgrestFilterBuilder<...>', gave the following error.
    Object literal may only specify known properties, and 'session_id' does not exist in type 'never[]'.
src/app/(dashboard)/work/inventory/page.tsx(679,61): error TS2769: No overload matches this call.
  Overload 1 of 2, '(values: never, options?: { onConflict?: string | undefined; ignoreDuplicates?: boolean | undefined; count?: "exact" | "planned" | "estimated" | undefined; } | undefined): PostgrestFilterBuilder<{ ...; }, ... 5 more ..., "POST">', gave the following error.
    Argument of type '{ session_id: string; position_id: string; zone_id: string | null; checked: boolean; note: string | null; checked_by: string; checked_at: string; lot_id_snapshot: string | null; }' is not assignable to parameter of type 'never'.
  Overload 2 of 2, '(values: never[], options?: { onConflict?: string | undefined; ignoreDuplicates?: boolean | undefined; count?: "exact" | "planned" | "estimated" | undefined; defaultToNull?: boolean | undefined; } | undefined): PostgrestFilterBuilder<...>', gave the following error.
    Object literal may only specify known properties, and 'session_id' does not exist in type 'never[]'.
src/app/(dashboard)/work/inventory/page.tsx(720,61): error TS2769: No overload matches this call.
  Overload 1 of 2, '(values: never, options?: { onConflict?: string | undefined; ignoreDuplicates?: boolean | undefined; count?: "exact" | "planned" | "estimated" | undefined; } | undefined): PostgrestFilterBuilder<{ ...; }, ... 5 more ..., "POST">', gave the following error.
    Argument of type '{ session_id: string; position_id: string; zone_id: string | null; checked: boolean; note: string; checked_by: string; checked_at: string; lot_id_snapshot: string | null; }' is not assignable to parameter of type 'never'.
  Overload 2 of 2, '(values: never[], options?: { onConflict?: string | undefined; ignoreDuplicates?: boolean | undefined; count?: "exact" | "planned" | "estimated" | undefined; defaultToNull?: boolean | undefined; } | undefined): PostgrestFilterBuilder<...>', gave the following error.
    Object literal may only specify known properties, and 'session_id' does not exist in type 'never[]'.
src/app/(dashboard)/work/inventory/page.tsx(781,68): error TS2769: No overload matches this call.
  Overload 1 of 2, '(values: never, options?: { onConflict?: string | undefined; ignoreDuplicates?: boolean | undefined; count?: "exact" | "planned" | "estimated" | undefined; } | undefined): PostgrestFilterBuilder<{ ...; }, ... 5 more ..., "POST">', gave the following error.
    Argument of type '{ session_id: string; position_id: string; zone_id: string | null; checked: boolean; note: string | null; checked_by: string; checked_at: string; lot_id_snapshot: string | null; }[]' is not assignable to parameter of type 'never'.
  Overload 2 of 2, '(values: never[], options?: { onConflict?: string | undefined; ignoreDuplicates?: boolean | undefined; count?: "exact" | "planned" | "estimated" | undefined; defaultToNull?: boolean | undefined; } | undefined): PostgrestFilterBuilder<...>', gave the following error.
    Argument of type '{ session_id: string; position_id: string; zone_id: string | null; checked: boolean; note: string | null; checked_by: string; checked_at: string; lot_id_snapshot: string | null; }[]' is not assignable to parameter of type 'never[]'.
      Type '{ session_id: string; position_id: string; zone_id: string | null; checked: boolean; note: string | null; checked_by: string; checked_at: string; lot_id_snapshot: string | null; }' is not assignable to type 'never'.
src/app/(dashboard)/work/inventory/page.tsx(802,25): error TS2345: Argument of type '{ status: string; completed_at: string | null; }' is not assignable to parameter of type 'never'.
src/app/admin/companies/[id]/modules/page.tsx(53,57): error TS2339: Property 'id' does not exist on type 'never'.
src/app/admin/companies/[id]/modules/page.tsx(85,38): error TS2339: Property 'unlocked_modules' does not exist on type 'never'.
src/app/admin/companies/[id]/modules/page.tsx(124,25): error TS2345: Argument of type '{ unlocked_modules: string[]; }' is not assignable to parameter of type 'never'.
src/app/admin/modules/page.tsx(65,25): error TS2345: Argument of type '{ is_basic: boolean; }' is not assignable to parameter of type 'never'.
src/app/api/lot-tags/master/route.ts(66,14): error TS2769: No overload matches this call.
  Overload 1 of 2, '(values: never, options?: { count?: "exact" | "planned" | "estimated" | undefined; } | undefined): PostgrestFilterBuilder<{ PostgrestVersion: "12"; }, never, never, null, "master_tags", never, "POST">', gave the following error.
    Argument of type '{ name: any; system_code: any; }' is not assignable to parameter of type 'never'.
  Overload 2 of 2, '(values: never[], options?: { count?: "exact" | "planned" | "estimated" | undefined; defaultToNull?: boolean | undefined; } | undefined): PostgrestFilterBuilder<{ PostgrestVersion: "12"; }, never, never, null, "master_tags", never, "POST">', gave the following error.
    Object literal may only specify known properties, and 'name' does not exist in type 'never[]'.
src/app/api/lot-tags/route.ts(53,68): error TS2339: Property 'tag' does not exist on type 'never'.
src/app/api/lot-tags/route.ts(97,21): error TS2769: No overload matches this call.
  Overload 1 of 2, '(values: never, options?: { onConflict?: string | undefined; ignoreDuplicates?: boolean | undefined; count?: "exact" | "planned" | "estimated" | undefined; } | undefined): PostgrestFilterBuilder<{ ...; }, ... 5 more ..., "POST">', gave the following error.
    Argument of type '{ lot_id: any; lot_item_id: any; tag: string; added_by: string; }[]' is not assignable to parameter of type 'never'.
  Overload 2 of 2, '(values: never[], options?: { onConflict?: string | undefined; ignoreDuplicates?: boolean | undefined; count?: "exact" | "planned" | "estimated" | undefined; defaultToNull?: boolean | undefined; } | undefined): PostgrestFilterBuilder<...>', gave the following error.
    Argument of type '{ lot_id: any; lot_item_id: any; tag: string; added_by: string; }[]' is not assignable to parameter of type 'never[]'.
      Type '{ lot_id: any; lot_item_id: any; tag: string; added_by: string; }' is not assignable to type 'never'.
src/app/login/page.tsx(71,60): error TS2345: Argument of type '{ p_username: string; }' is not assignable to parameter of type 'undefined'.
src/app/mobile/_tabs/MobileAssignTab.tsx(139,57): error TS2345: Argument of type 'any' is not assignable to parameter of type 'never'.
src/app/mobile/_tabs/MobileAssignTab.tsx(143,71): error TS2345: Argument of type 'any' is not assignable to parameter of type 'never'.
src/app/mobile/_tabs/MobileCreateLotTab.tsx(116,86): error TS2339: Property 'prefix' does not exist on type 'never'.
src/app/mobile/_tabs/MobileCreateLotTab.tsx(116,104): error TS2339: Property 'prefix' does not exist on type 'never'.
src/app/mobile/_tabs/MobileCreateLotTab.tsx(119,65): error TS2339: Property 'prefix' does not exist on type 'never'.
src/app/mobile/_tabs/MobileCreateLotTab.tsx(120,55): error TS2339: Property 'description' does not exist on type 'never'.
src/app/mobile/_tabs/MobileCreateLotTab.tsx(121,76): error TS2339: Property 'prefix' does not exist on type 'never'.
src/app/mobile/_tabs/MobileCreateLotTab.tsx(349,73): error TS7006: Parameter 'idx' implicitly has an 'any' type.
src/app/mobile/_tabs/MobileExportTab.tsx(70,22): error TS2339: Property 'company_id' does not exist on type 'never'.
src/app/mobile/_tabs/MobileExportTab.tsx(70,41): error TS2339: Property 'company_id' does not exist on type 'never'.
src/app/mobile/_tabs/MobileExportTab.tsx(71,22): error TS2339: Property 'status' does not exist on type 'never'.
src/app/mobile/_tabs/MobileExportTab.tsx(71,54): error TS2339: Property 'quantity' does not exist on type 'never'.
src/app/mobile/_tabs/MobileWarehouseTab.tsx(39,63): error TS2339: Property 'parent_id' does not exist on type 'never'.
src/app/mobile/_tabs/MobileWarehouseTab.tsx(40,75): error TS2339: Property 'id' does not exist on type 'never'.
src/app/mobile/_tabs/MobileWorkTab.tsx(83,77): error TS2339: Property 'created_by' does not exist on type 'never'.
src/app/mobile/_tabs/MobileWorkTab.tsx(91,23): error TS2339: Property 'id' does not exist on type 'never'.
src/app/mobile/_tabs/MobileWorkTab.tsx(91,35): error TS2339: Property 'code' does not exist on type 'never'.
src/app/mobile/_tabs/MobileWorkTab.tsx(91,51): error TS2339: Property 'status' does not exist on type 'never'.
src/app/mobile/_tabs/MobileWorkTab.tsx(91,73): error TS2339: Property 'created_at' does not exist on type 'never'.
src/app/mobile/_tabs/MobileWorkTab.tsx(91,94): error TS2339: Property 'notes' does not exist on type 'never'.
src/app/mobile/_tabs/MobileWorkTab.tsx(92,36): error TS2339: Property 'created_by' does not exist on type 'never'.
src/app/mobile/_tabs/MobileWorkTab.tsx(92,60): error TS2339: Property 'created_by' does not exist on type 'never'.
src/app/mobile/_tabs/MobileWorkTab.tsx(93,32): error TS2339: Property 'export_task_items' does not exist on type 'never'.
src/app/mobile/_tabs/MobileWorkTab.tsx(211,78): error TS2345: Argument of type 'any' is not assignable to parameter of type 'never'.
src/app/mobile/_tabs/MobileWorkTab.tsx(212,60): error TS2345: Argument of type 'any' is not assignable to parameter of type 'never'.
src/app/mobile/_tabs/MobileWorkTab.tsx(214,84): error TS2345: Argument of type 'any' is not assignable to parameter of type 'never'.
src/app/print/export-order/page.tsx(200,21): error TS2578: Unused '@ts-expect-error' directive.
src/app/print/export-order/page.tsx(342,54): error TS2339: Property 'lots' does not exist on type 'never'.
src/app/print/export-order/page.tsx(343,51): error TS2339: Property 'lots' does not exist on type 'never'.
src/app/print/export-order/page.tsx(346,53): error TS2339: Property 'lots' does not exist on type 'never'.
src/app/print/export-order/page.tsx(347,46): error TS2339: Property 'lots' does not exist on type 'never'.
src/app/print/export-order/page.tsx(349,85): error TS2339: Property 'products' does not exist on type 'never'.
src/app/print/export-order/page.tsx(352,51): error TS2339: Property 'lots' does not exist on type 'never'.
src/app/print/export-order/page.tsx(353,50): error TS2339: Property 'lots' does not exist on type 'never'.
src/app/print/export-order/page.tsx(354,58): error TS2339: Property 'lots' does not exist on type 'never'.
src/app/print/export-order/page.tsx(357,62): error TS2339: Property 'products' does not exist on type 'never'.
src/app/print/export-order/page.tsx(358,53): error TS2339: Property 'products' does not exist on type 'never'.
src/app/print/export-order/page.tsx(359,63): error TS2339: Property 'products' does not exist on type 'never'.
src/app/print/export-order/page.tsx(360,63): error TS2339: Property 'products' does not exist on type 'never'.
src/app/print/export-order/page.tsx(361,54): error TS2339: Property 'unit' does not exist on type 'never'.
src/app/print/export-order/page.tsx(362,58): error TS2339: Property 'quantity' does not exist on type 'never'.
src/app/print/export-order/page.tsx(436,49): error TS2339: Property 'created_at' does not exist on type 'never'.
src/app/print/export-order/page.tsx(441,39): error TS2339: Property 'notes' does not exist on type 'never'.
src/app/print/export-order/page.tsx(448,48): error TS2339: Property 'full_name' does not exist on type 'never'.
src/app/print/export-order/page.tsx(448,82): error TS2339: Property 'full_name' does not exist on type 'never'.
src/app/print/export-order/page.tsx(464,40): error TS2339: Property 'notes' does not exist on type 'never'.
src/app/sanxuat/(dashboard)/mo/[id]/detail/page.tsx(107,105): error TS2769: No overload matches this call.
  Overload 1 of 2, '(values: never, options?: { count?: "exact" | "planned" | "estimated" | undefined; } | undefined): PostgrestFilterBuilder<{ PostgrestVersion: "12"; }, never, never, null, any, never, "POST">', gave the following error.
    Argument of type '{ mo_id: string; code: string; status: string; requested_by: string; notes: string; company_id: any; }' is not assignable to parameter of type 'never'.
  Overload 2 of 2, '(values: never[], options?: { count?: "exact" | "planned" | "estimated" | undefined; defaultToNull?: boolean | undefined; } | undefined): PostgrestFilterBuilder<{ PostgrestVersion: "12"; }, never, never, null, any, never, "POST">', gave the following error.
    Object literal may only specify known properties, and 'mo_id' does not exist in type 'never[]'.
src/app/sanxuat/(dashboard)/mo/[id]/detail/page.tsx(113,38): error TS2339: Property 'company_id' does not exist on type 'never'.
src/app/sanxuat/(dashboard)/mo/[id]/detail/page.tsx(123,38): error TS2339: Property 'company_id' does not exist on type 'never'.
src/app/sanxuat/(dashboard)/mo/[id]/detail/page.tsx(126,105): error TS2769: No overload matches this call.
  Overload 1 of 2, '(values: never, options?: { count?: "exact" | "planned" | "estimated" | undefined; } | undefined): PostgrestFilterBuilder<{ PostgrestVersion: "12"; }, never, never, null, any, never, "POST">', gave the following error.
    Argument of type '{ requisition_id: any; material_id: any; required_quantity: any; unit: any; company_id: any; }[]' is not assignable to parameter of type 'never'.
  Overload 2 of 2, '(values: never[], options?: { count?: "exact" | "planned" | "estimated" | undefined; defaultToNull?: boolean | undefined; } | undefined): PostgrestFilterBuilder<{ PostgrestVersion: "12"; }, never, never, null, any, never, "POST">', gave the following error.
    Argument of type '{ requisition_id: any; material_id: any; required_quantity: any; unit: any; company_id: any; }[]' is not assignable to parameter of type 'never[]'.
      Type '{ requisition_id: any; material_id: any; required_quantity: any; unit: any; company_id: any; }' is not assignable to type 'never'.
src/app/sanxuat/(dashboard)/mo/[id]/detail/page.tsx(131,75): error TS2345: Argument of type '{ status: string; updated_at: string; }' is not assignable to parameter of type 'never'.
src/app/sanxuat/(dashboard)/mo/[id]/detail/page.tsx(166,42): error TS2339: Property 'company_id' does not exist on type 'never'.
src/app/sanxuat/(dashboard)/mo/[id]/detail/page.tsx(179,42): error TS2339: Property 'company_id' does not exist on type 'never'.
src/app/sanxuat/(dashboard)/mo/[id]/detail/page.tsx(183,87): error TS2769: No overload matches this call.
  Overload 1 of 2, '(values: never, options?: { count?: "exact" | "planned" | "estimated" | undefined; } | undefined): PostgrestFilterBuilder<{ PostgrestVersion: "12"; }, never, never, null, any, never, "POST">', gave the following error.
    Argument of type 'any[]' is not assignable to parameter of type 'never'.
  Overload 2 of 2, '(values: never[], options?: { count?: "exact" | "planned" | "estimated" | undefined; defaultToNull?: boolean | undefined; } | undefined): PostgrestFilterBuilder<{ PostgrestVersion: "12"; }, never, never, null, any, never, "POST">', gave the following error.
    Argument of type 'any[]' is not assignable to parameter of type 'never[]'.
      Type 'any' is not assignable to type 'never'.
src/app/sanxuat/(dashboard)/mo/[id]/detail/page.tsx(191,71): error TS2345: Argument of type '{ produced_quantity: any; updated_at: string; }' is not assignable to parameter of type 'never'.
src/app/sanxuat/(dashboard)/users/page.tsx(83,21): error TS2345: Argument of type '{ is_active: boolean; }' is not assignable to parameter of type 'never'.
src/app/sanxuat/login/page.tsx(64,60): error TS2345: Argument of type '{ p_username: string; }' is not assignable to parameter of type 'undefined'.
src/components/admin/SystemModuleConfig.tsx(55,53): error TS2339: Property 'id' does not exist on type 'never'.
src/components/admin/SystemModuleConfig.tsx(170,26): error TS2339: Property 'unlocked_modules' does not exist on type 'never'.
src/components/admin/SystemModuleConfig.tsx(171,37): error TS2339: Property 'unlocked_modules' does not exist on type 'never'.
src/components/admin/SystemModuleConfig.tsx(226,79): error TS2345: Argument of type '{ inbound_modules: string[]; outbound_modules: string[]; lot_modules: string[]; dashboard_modules: string[]; hidden_menus: string[]; modules: { product_modules: string[]; utility_modules: string[]; }; }' is not assignable to parameter of type 'never'.
src/components/construction/MemberModal.tsx(62,52): error TS2339: Property 'company_id' does not exist on type 'never'.
src/components/construction/TeamModal.tsx(44,42): error TS2339: Property 'company_id' does not exist on type 'never'.
src/components/export/CreateExportTaskModal.tsx(72,18): error TS2769: No overload matches this call.
  Overload 1 of 2, '(values: never, options?: { count?: "exact" | "planned" | "estimated" | undefined; } | undefined): PostgrestFilterBuilder<{ PostgrestVersion: "12"; }, never, never, null, "export_tasks", never, "POST">', gave the following error.
    Argument of type '{ code: string; status: string; created_by: string; system_code: string; notes: string; }' is not assignable to parameter of type 'never'.
  Overload 2 of 2, '(values: never[], options?: { count?: "exact" | "planned" | "estimated" | undefined; defaultToNull?: boolean | undefined; } | undefined): PostgrestFilterBuilder<{ PostgrestVersion: "12"; }, never, never, null, "export_tasks", never, "POST">', gave the following error.
    Object literal may only specify known properties, and 'code' does not exist in type 'never[]'.
src/components/export/CreateExportTaskModal.tsx(86,31): error TS2339: Property 'id' does not exist on type 'never'.
src/components/export/CreateExportTaskModal.tsx(97,25): error TS2769: No overload matches this call.
  Overload 1 of 2, '(values: never, options?: { count?: "exact" | "planned" | "estimated" | undefined; } | undefined): PostgrestFilterBuilder<{ PostgrestVersion: "12"; }, never, never, null, "export_task_items", never, "POST">', gave the following error.
    Argument of type '{ task_id: any; lot_id: any; position_id: any; product_id: any; quantity: any; unit: any; status: string; }[]' is not assignable to parameter of type 'never'.
  Overload 2 of 2, '(values: never[], options?: { count?: "exact" | "planned" | "estimated" | undefined; defaultToNull?: boolean | undefined; } | undefined): PostgrestFilterBuilder<{ PostgrestVersion: "12"; }, never, never, null, "export_task_items", never, "POST">', gave the following error.
    Argument of type '{ task_id: any; lot_id: any; position_id: any; product_id: any; quantity: any; unit: any; status: string; }[]' is not assignable to parameter of type 'never[]'.
      Type '{ task_id: any; lot_id: any; position_id: any; product_id: any; quantity: any; unit: any; status: string; }' is not assignable to type 'never'.
src/components/export/CreateExportTaskModal.tsx(101,76): error TS2339: Property 'id' does not exist on type 'never'.
src/components/export/CreateExportTaskModal.tsx(106,28): error TS2339: Property 'id' does not exist on type 'never'.
src/components/export/ExportOrderStatsModal.tsx(396,63): error TS2345: Argument of type 'any' is not assignable to parameter of type 'never'.
src/components/export/ExportOrderStatsModal.tsx(425,33): error TS7006: Parameter 'a' implicitly has an 'any' type.
src/components/export/ExportOrderStatsModal.tsx(425,36): error TS7006: Parameter 'b' implicitly has an 'any' type.
src/components/export/ExportOrderStatsModal.tsx(426,34): error TS7006: Parameter 'a' implicitly has an 'any' type.
src/components/export/ExportOrderStatsModal.tsx(426,37): error TS7006: Parameter 'b' implicitly has an 'any' type.
src/components/export/ExportOrderStatsModal.tsx(591,49): error TS7006: Parameter 'pos' implicitly has an 'any' type.
src/components/export/ExportOrderStatsModal.tsx(594,40): error TS7006: Parameter 'child' implicitly has an 'any' type.
src/components/export/ExportOrderStatsModal.tsx(667,49): error TS7006: Parameter 'pos' implicitly has an 'any' type.
src/components/export/ExportOrderStatsModal.tsx(685,48): error TS7006: Parameter 'child' implicitly has an 'any' type.
src/components/inventory/internal-products/CodeRulesSettings.tsx(102,29): error TS2769: No overload matches this call.
  Overload 1 of 2, '(values: never, options?: { count?: "exact" | "planned" | "estimated" | undefined; } | undefined): PostgrestFilterBuilder<{ PostgrestVersion: "12"; }, never, never, null, "internal_product_code_rules", never, "POST">', gave the following error.
    Argument of type '{ prefix: string; system_code: string; level: number; description: string; sort_order: number | null; }[]' is not assignable to parameter of type 'never'.
  Overload 2 of 2, '(values: never[], options?: { count?: "exact" | "planned" | "estimated" | undefined; defaultToNull?: boolean | undefined; } | undefined): PostgrestFilterBuilder<{ PostgrestVersion: "12"; }, never, never, null, "internal_product_code_rules", never, "POST">', gave the following error.
    Argument of type '{ prefix: string; system_code: string; level: number; description: string; sort_order: number | null; }[]' is not assignable to parameter of type 'never[]'.
      Type '{ prefix: string; system_code: string; level: number; description: string; sort_order: number | null; }' is not assignable to type 'never'.
src/components/inventory/internal-products/InternalProductModal.tsx(120,93): error TS2339: Property 'name' does not exist on type 'never'.
src/components/inventory/internal-products/InternalProductModal.tsx(128,25): error TS2345: Argument of type 'any' is not assignable to parameter of type 'never'.
src/components/inventory/product-form/useProductForm.ts(85,66): error TS2339: Property 'category_id' does not exist on type 'never'.
src/components/inventory/product-form/useProductForm.ts(296,102): error TS2769: No overload matches this call.
  Overload 1 of 2, '(values: never, options?: { count?: "exact" | "planned" | "estimated" | undefined; } | undefined): PostgrestFilterBuilder<{ PostgrestVersion: "12"; }, never, never, null, "product_category_rel", never, "POST">', gave the following error.
    Argument of type '{ product_id: any; category_id: string; is_primary: boolean; system_type: string; company_id: string | null; }[]' is not assignable to parameter of type 'never'.
  Overload 2 of 2, '(values: never[], options?: { count?: "exact" | "planned" | "estimated" | undefined; defaultToNull?: boolean | undefined; } | undefined): PostgrestFilterBuilder<{ PostgrestVersion: "12"; }, never, never, null, "product_category_rel", never, "POST">', gave the following error.
    Argument of type '{ product_id: any; category_id: string; is_primary: boolean; system_type: string; company_id: string | null; }[]' is not assignable to parameter of type 'never[]'.
      Type '{ product_id: any; category_id: string; is_primary: boolean; system_type: string; company_id: string | null; }' is not assignable to type 'never'.
src/components/sanxuat/boms/BomForm.tsx(167,40): error TS2339: Property 'company_id' does not exist on type 'never'.
src/components/sanxuat/boms/BomForm.tsx(184,85): error TS2345: Argument of type '{ name: any; code: any; product_id: any; quantity: any; notes: any; system_code: string; company_id: any; updated_at: string; }' is not assignable to parameter of type 'never'.
src/components/sanxuat/boms/BomForm.tsx(187,99): error TS2769: No overload matches this call.
  Overload 1 of 2, '(values: never, options?: { count?: "exact" | "planned" | "estimated" | undefined; } | undefined): PostgrestFilterBuilder<{ PostgrestVersion: "12"; }, never, never, null, any, never, "POST">', gave the following error.
    Argument of type '{ name: any; code: any; product_id: any; quantity: any; notes: any; system_code: string; company_id: any; updated_at: string; }' is not assignable to parameter of type 'never'.
  Overload 2 of 2, '(values: never[], options?: { count?: "exact" | "planned" | "estimated" | undefined; defaultToNull?: boolean | undefined; } | undefined): PostgrestFilterBuilder<{ PostgrestVersion: "12"; }, never, never, null, any, never, "POST">', gave the following error.
    Argument of type '{ name: any; code: any; product_id: any; quantity: any; notes: any; system_code: string; company_id: any; updated_at: string; }' is not assignable to parameter of type 'never[]'.
      Type '{ name: any; code: any; product_id: any; quantity: any; notes: any; system_code: string; company_id: any; updated_at: string; }' is missing the following properties from type 'never[]': length, pop, push, concat, and 35 more.
src/components/sanxuat/boms/BomForm.tsx(209,92): error TS2769: No overload matches this call.
  Overload 1 of 2, '(values: never, options?: { count?: "exact" | "planned" | "estimated" | undefined; } | undefined): PostgrestFilterBuilder<{ PostgrestVersion: "12"; }, never, never, null, any, never, "POST">', gave the following error.
    Argument of type '{ bom_id: any; material_id: any; quantity: any; unit: any; scrap_percentage: any; notes: any; company_id: any; }[]' is not assignable to parameter of type 'never'.
  Overload 2 of 2, '(values: never[], options?: { count?: "exact" | "planned" | "estimated" | undefined; defaultToNull?: boolean | undefined; } | undefined): PostgrestFilterBuilder<{ PostgrestVersion: "12"; }, never, never, null, any, never, "POST">', gave the following error.
    Argument of type '{ bom_id: any; material_id: any; quantity: any; unit: any; scrap_percentage: any; notes: any; company_id: any; }[]' is not assignable to parameter of type 'never[]'.
      Type '{ bom_id: any; material_id: any; quantity: any; unit: any; scrap_percentage: any; notes: any; company_id: any; }' is not assignable to type 'never'.
src/components/sanxuat/mo/MoForm.tsx(146,38): error TS2339: Property 'company_id' does not exist on type 'never'.
src/components/sanxuat/mo/MoForm.tsx(151,93): error TS2345: Argument of type '{ code: any; bom_id: any; product_id: any; target_quantity: any; status: any; start_date: string | null; end_date: string | null; notes: any; system_code: string; company_id: any; updated_at: string; }' is not assignable to parameter of type 'never'.
src/components/sanxuat/mo/MoForm.tsx(155,93): error TS2769: No overload matches this call.
  Overload 1 of 2, '(values: never, options?: { count?: "exact" | "planned" | "estimated" | undefined; } | undefined): PostgrestFilterBuilder<{ PostgrestVersion: "12"; }, never, never, null, any, never, "POST">', gave the following error.
    Argument of type '{ code: any; bom_id: any; product_id: any; target_quantity: any; status: any; start_date: string | null; end_date: string | null; notes: any; system_code: string; company_id: any; updated_at: string; }' is not assignable to parameter of type 'never'.
  Overload 2 of 2, '(values: never[], options?: { count?: "exact" | "planned" | "estimated" | undefined; defaultToNull?: boolean | undefined; } | undefined): PostgrestFilterBuilder<{ PostgrestVersion: "12"; }, never, never, null, any, never, "POST">', gave the following error.
    Argument of type '{ code: any; bom_id: any; product_id: any; target_quantity: any; status: any; start_date: string | null; end_date: string | null; notes: any; system_code: string; company_id: any; updated_at: string; }' is not assignable to parameter of type 'never[]'.
      Type '{ code: any; bom_id: any; product_id: any; target_quantity: any; status: any; start_date: string | null; end_date: string | null; notes: any; system_code: string; company_id: any; updated_at: string; }' is missing the following properties from type 'never[]': length, pop, push, concat, and 35 more.
src/components/settings/UnifiedSystemConfig.tsx(117,69): error TS2345: Argument of type '{ inbound_modules: string[]; outbound_modules: string[]; lot_modules: string[]; dashboard_modules: string[]; modules: { product_modules: string[]; utility_modules: string[]; }; }' is not assignable to parameter of type 'never'.
src/components/users/SanxuatUserForm.tsx(114,30): error TS2339: Property 'employee_code' does not exist on type 'never'.
src/components/users/SanxuatUserForm.tsx(115,42): error TS2339: Property 'employee_code' does not exist on type 'never'.
src/components/users/SanxuatUserForm.tsx(193,29): error TS2345: Argument of type '{ employee_code: string | null; username: string | null; full_name: string; phone: string | null; email: string | null; role_id: string | null; department: string | null; is_active: boolean; allowed_systems: string[]; }' is not assignable to parameter of type 'never'.
src/components/users/UserForm.tsx(134,30): error TS2339: Property 'employee_code' does not exist on type 'never'.
src/components/users/UserForm.tsx(135,42): error TS2339: Property 'employee_code' does not exist on type 'never'.
src/components/users/UserForm.tsx(225,29): error TS2345: Argument of type '{ employee_code: string | null; username: string | null; full_name: string; phone: string | null; email: string | null; role_id: string | null; department: string | null; is_active: boolean; allowed_systems: string[]; }' is not assignable to parameter of type 'never'.
src/components/warehouse/LayoutConfigPanel.tsx(280,25): error TS2769: No overload matches this call.
  Overload 1 of 2, '(values: never, options?: { onConflict?: string | undefined; ignoreDuplicates?: boolean | undefined; count?: "exact" | "planned" | "estimated" | undefined; } | undefined): PostgrestFilterBuilder<{ ...; }, ... 5 more ..., "POST">', gave the following error.
    Argument of type '{ updated_at: string; position_columns: number; cell_width: number; cell_height: number; child_layout: string; child_columns: number; child_width: number; collapsible: boolean; display_type: string; zone_id: any; }[]' is not assignable to parameter of type 'never'.
  Overload 2 of 2, '(values: never[], options?: { onConflict?: string | undefined; ignoreDuplicates?: boolean | undefined; count?: "exact" | "planned" | "estimated" | undefined; defaultToNull?: boolean | undefined; } | undefined): PostgrestFilterBuilder<...>', gave the following error.
    Argument of type '{ updated_at: string; position_columns: number; cell_width: number; cell_height: number; child_layout: string; child_columns: number; child_width: number; collapsible: boolean; display_type: string; zone_id: any; }[]' is not assignable to parameter of type 'never[]'.
      Type '{ updated_at: string; position_columns: number; cell_width: number; cell_height: number; child_layout: string; child_columns: number; child_width: number; collapsible: boolean; display_type: string; zone_id: any; }' is not assignable to type 'never'.
src/components/warehouse/LayoutConfigPanel.tsx(314,25): error TS2769: No overload matches this call.
  Overload 1 of 2, '(values: never, options?: { onConflict?: string | undefined; ignoreDuplicates?: boolean | undefined; count?: "exact" | "planned" | "estimated" | undefined; } | undefined): PostgrestFilterBuilder<{ ...; }, ... 5 more ..., "POST">', gave the following error.
    Argument of type '{ updated_at: string; position_columns: number; cell_width: number; cell_height: number; child_layout: string; child_columns: number; child_width: number; collapsible: boolean; display_type: string; alternating_rows: boolean; header_color: string | null; header_text_color: string | null; zone_id: any; }' is not assignable to parameter of type 'never'.
  Overload 2 of 2, '(values: never[], options?: { onConflict?: string | undefined; ignoreDuplicates?: boolean | undefined; count?: "exact" | "planned" | "estimated" | undefined; defaultToNull?: boolean | undefined; } | undefined): PostgrestFilterBuilder<...>', gave the following error.
    Argument of type '{ updated_at: string; position_columns: number; cell_width: number; cell_height: number; child_layout: string; child_columns: number; child_width: number; collapsible: boolean; display_type: string; alternating_rows: boolean; header_color: string | null; header_text_color: string | null; zone_id: any; }' is not assignable to parameter of type 'never[]'.
      Type '{ updated_at: string; position_columns: number; cell_width: number; cell_height: number; child_layout: string; child_columns: number; child_width: number; collapsible: boolean; display_type: string; alternating_rows: boolean; header_color: string | null; header_text_color: string | null; zone_id: any; }' is missing the following properties from type 'never[]': length, pop, push, concat, and 35 more.
src/components/warehouse/LayoutConfigPanel.tsx(321,36): error TS2698: Spread types may only be created from object types.
src/components/warehouse/LayoutConfigPanel.tsx(353,25): error TS2769: No overload matches this call.
  Overload 1 of 2, '(values: never, options?: { onConflict?: string | undefined; ignoreDuplicates?: boolean | undefined; count?: "exact" | "planned" | "estimated" | undefined; } | undefined): PostgrestFilterBuilder<{ ...; }, ... 5 more ..., "POST">', gave the following error.
    Argument of type '{ updated_at: string; position_columns: number; cell_width: number; cell_height: number; child_layout: string; child_columns: number; child_width: number; collapsible: boolean; display_type: string; alternating_rows: boolean; header_color: string | null; header_text_color: string | null; zone_id: any; }[]' is not assignable to parameter of type 'never'.
  Overload 2 of 2, '(values: never[], options?: { onConflict?: string | undefined; ignoreDuplicates?: boolean | undefined; count?: "exact" | "planned" | "estimated" | undefined; defaultToNull?: boolean | undefined; } | undefined): PostgrestFilterBuilder<...>', gave the following error.
    Argument of type '{ updated_at: string; position_columns: number; cell_width: number; cell_height: number; child_layout: string; child_columns: number; child_width: number; collapsible: boolean; display_type: string; alternating_rows: boolean; header_color: string | null; header_text_color: string | null; zone_id: any; }[]' is not assignable to parameter of type 'never[]'.
      Type '{ updated_at: string; position_columns: number; cell_width: number; cell_height: number; child_layout: string; child_columns: number; child_width: number; collapsible: boolean; display_type: string; alternating_rows: boolean; header_color: string | null; header_text_color: string | null; zone_id: any; }' is not assignable to type 'never'.
src/components/warehouse/lots/LotAssignPositionModal.tsx(50,34): error TS2339: Property 'code' does not exist on type 'never'.
src/components/warehouse/lots/LotAssignPositionModal.tsx(51,34): error TS2339: Property 'code' does not exist on type 'never'.
src/components/warehouse/lots/LotAssignPositionModal.tsx(92,25): error TS2339: Property 'lot_id' does not exist on type 'never'.
src/components/warehouse/lots/LotAssignPositionModal.tsx(92,43): error TS2339: Property 'lot_id' does not exist on type 'never'.
src/components/warehouse/lots/LotAssignPositionModal.tsx(100,25): error TS2345: Argument of type '{ lot_id: null; }' is not assignable to parameter of type 'never'.
src/components/warehouse/lots/LotAssignPositionModal.tsx(106,25): error TS2345: Argument of type '{ lot_id: any; }' is not assignable to parameter of type 'never'.
src/components/warehouse/lots/LotAssignPositionModal.tsx(107,35): error TS2339: Property 'id' does not exist on type 'never'.
src/components/warehouse/lots/LotAssignPositionModal.tsx(122,42): error TS2339: Property 'id' does not exist on type 'never'.
src/components/warehouse/lots/LotBulkAssignModal.tsx(59,61): error TS2339: Property 'id' does not exist on type 'never'.
src/components/warehouse/lots/LotBulkAssignModal.tsx(72,55): error TS2339: Property 'id' does not exist on type 'never'.
src/components/warehouse/lots/LotBulkAssignModal.tsx(84,26): error TS2339: Property 'parent_id' does not exist on type 'never'.
src/components/warehouse/lots/LotBulkAssignModal.tsx(85,57): error TS2339: Property 'parent_id' does not exist on type 'never'.
src/components/warehouse/lots/LotBulkAssignModal.tsx(99,21): error TS2698: Spread types may only be created from object types.
src/components/warehouse/lots/LotBulkAssignModal.tsx(181,63): error TS2339: Property 'lot_id' does not exist on type 'never'.
src/components/warehouse/lots/LotBulkAssignModal.tsx(181,76): error TS2339: Property 'lots' does not exist on type 'never'.
src/components/warehouse/lots/LotBulkAssignModal.tsx(189,50): error TS2339: Property 'code' does not exist on type 'never'.
src/components/warehouse/lots/LotBulkAssignModal.tsx(189,78): error TS2339: Property 'code' does not exist on type 'never'.
src/components/warehouse/lots/LotBulkAssignModal.tsx(205,53): error TS2345: Argument of type '{ lot_id: null; }' is not assignable to parameter of type 'never'.
src/components/warehouse/lots/LotBulkAssignModal.tsx(213,29): error TS2339: Property 'id' does not exist on type 'never'.
src/components/warehouse/lots/LotBulkAssignModal.tsx(214,31): error TS2339: Property 'code' does not exist on type 'never'.
src/components/warehouse/lots/LotBulkAssignModal.tsx(224,44): error TS2339: Property 'code' does not exist on type 'never'.
src/components/warehouse/lots/LotBulkAssignModal.tsx(225,42): error TS2339: Property 'id' does not exist on type 'never'.
src/components/warehouse/lots/LotBulkAssignModal.tsx(236,29): error TS2769: No overload matches this call.
  Overload 1 of 2, '(values: never, options?: { onConflict?: string | undefined; ignoreDuplicates?: boolean | undefined; count?: "exact" | "planned" | "estimated" | undefined; } | undefined): PostgrestFilterBuilder<{ ...; }, ... 5 more ..., "POST">', gave the following error.
    Argument of type '{ id: any; code: any; lot_id: any; }[]' is not assignable to parameter of type 'never'.
  Overload 2 of 2, '(values: never[], options?: { onConflict?: string | undefined; ignoreDuplicates?: boolean | undefined; count?: "exact" | "planned" | "estimated" | undefined; defaultToNull?: boolean | undefined; } | undefined): PostgrestFilterBuilder<...>', gave the following error.
    Argument of type '{ id: any; code: any; lot_id: any; }[]' is not assignable to parameter of type 'never[]'.
      Type '{ id: any; code: any; lot_id: any; }' is not assignable to type 'never'.
src/components/warehouse/lots/LotBulkAssignModal.tsx(287,57): error TS2339: Property 'code' does not exist on type 'never'.
src/components/warehouse/lots/LotBulkAssignModal.tsx(338,53): error TS2345: Argument of type '{ lot_id: null; }' is not assignable to parameter of type 'never'.
src/components/warehouse/lots/LotBulkAssignModal.tsx(370,29): error TS2769: No overload matches this call.
  Overload 1 of 2, '(values: never, options?: { onConflict?: string | undefined; ignoreDuplicates?: boolean | undefined; count?: "exact" | "planned" | "estimated" | undefined; } | undefined): PostgrestFilterBuilder<{ ...; }, ... 5 more ..., "POST">', gave the following error.
    Argument of type '{ id: string; code: string; lot_id: any; }[]' is not assignable to parameter of type 'never'.
  Overload 2 of 2, '(values: never[], options?: { onConflict?: string | undefined; ignoreDuplicates?: boolean | undefined; count?: "exact" | "planned" | "estimated" | undefined; defaultToNull?: boolean | undefined; } | undefined): PostgrestFilterBuilder<...>', gave the following error.
    Argument of type '{ id: string; code: string; lot_id: any; }[]' is not assignable to parameter of type 'never[]'.
      Type '{ id: string; code: string; lot_id: any; }' is not assignable to type 'never'.
src/components/warehouse/lots/LotBulkAssignTagModal.tsx(112,63): error TS2769: No overload matches this call.
  Overload 1 of 2, '(values: never, options?: { onConflict?: string | undefined; ignoreDuplicates?: boolean | undefined; count?: "exact" | "planned" | "estimated" | undefined; } | undefined): PostgrestFilterBuilder<{ ...; }, ... 5 more ..., "POST">', gave the following error.
    Argument of type '{ name: string; system_code: string; }[]' is not assignable to parameter of type 'never'.
  Overload 2 of 2, '(values: never[], options?: { onConflict?: string | undefined; ignoreDuplicates?: boolean | undefined; count?: "exact" | "planned" | "estimated" | undefined; defaultToNull?: boolean | undefined; } | undefined): PostgrestFilterBuilder<...>', gave the following error.
    Argument of type '{ name: string; system_code: string; }[]' is not assignable to parameter of type 'never[]'.
      Type '{ name: string; system_code: string; }' is not assignable to type 'never'.
src/components/warehouse/lots/LotBulkAssignTagModal.tsx(153,86): error TS2769: No overload matches this call.
  Overload 1 of 2, '(values: never, options?: { count?: "exact" | "planned" | "estimated" | undefined; } | undefined): PostgrestFilterBuilder<{ PostgrestVersion: "12"; }, never, never, null, "lot_tags", never, "POST">', gave the following error.
    Argument of type '{ lot_id: any; tag: string; lot_item_id: any; added_at: string; }[]' is not assignable to parameter of type 'never'.
  Overload 2 of 2, '(values: never[], options?: { count?: "exact" | "planned" | "estimated" | undefined; defaultToNull?: boolean | undefined; } | undefined): PostgrestFilterBuilder<{ PostgrestVersion: "12"; }, never, never, null, "lot_tags", never, "POST">', gave the following error.
    Argument of type '{ lot_id: any; tag: string; lot_item_id: any; added_at: string; }[]' is not assignable to parameter of type 'never[]'.
      Type '{ lot_id: any; tag: string; lot_item_id: any; added_at: string; }' is not assignable to type 'never'.
src/components/warehouse/lots/LotBulkCloneModal.tsx(40,93): error TS2700: Rest types may only be created from object types.
src/components/warehouse/lots/LotBulkCloneModal.tsx(67,25): error TS2769: No overload matches this call.
  Overload 1 of 2, '(values: never, options?: { count?: "exact" | "planned" | "estimated" | undefined; } | undefined): PostgrestFilterBuilder<{ PostgrestVersion: "12"; }, never, never, null, "lots", never, "POST">', gave the following error.
    Argument of type 'any[]' is not assignable to parameter of type 'never'.
  Overload 2 of 2, '(values: never[], options?: { count?: "exact" | "planned" | "estimated" | undefined; defaultToNull?: boolean | undefined; } | undefined): PostgrestFilterBuilder<{ PostgrestVersion: "12"; }, never, never, null, "lots", never, "POST">', gave the following error.
    Argument of type 'any[]' is not assignable to parameter of type 'never[]'.
      Type 'any' is not assignable to type 'never'.
src/components/warehouse/lots/LotBulkCloneModal.tsx(79,48): error TS2339: Property 'length' does not exist on type 'never'.
src/components/warehouse/lots/LotBulkCloneModal.tsx(80,44): error TS2488: Type 'never' must have a '[Symbol.iterator]()' method that returns an iterator.
src/components/warehouse/lots/LotBulkCloneModal.tsx(84,48): error TS2339: Property 'id' does not exist on type 'never'.
src/components/warehouse/lots/LotBulkCloneModal.tsx(90,46): error TS2339: Property 'length' does not exist on type 'never'.
src/components/warehouse/lots/LotBulkCloneModal.tsx(91,43): error TS2488: Type 'never' must have a '[Symbol.iterator]()' method that returns an iterator.
src/components/warehouse/lots/LotBulkCloneModal.tsx(95,48): error TS2339: Property 'id' does not exist on type 'never'.
src/components/warehouse/lots/LotBulkCloneModal.tsx(104,97): error TS2769: No overload matches this call.
  Overload 1 of 2, '(values: never, options?: { count?: "exact" | "planned" | "estimated" | undefined; } | undefined): PostgrestFilterBuilder<{ PostgrestVersion: "12"; }, never, never, null, "lot_items", never, "POST">', gave the following error.
    Argument of type 'any[]' is not assignable to parameter of type 'never'.
  Overload 2 of 2, '(values: never[], options?: { count?: "exact" | "planned" | "estimated" | undefined; defaultToNull?: boolean | undefined; } | undefined): PostgrestFilterBuilder<{ PostgrestVersion: "12"; }, never, never, null, "lot_items", never, "POST">', gave the following error.
    Argument of type 'any[]' is not assignable to parameter of type 'never[]'.
      Type 'any' is not assignable to type 'never'.
src/components/warehouse/lots/LotBulkCloneModal.tsx(110,95): error TS2769: No overload matches this call.
  Overload 1 of 2, '(values: never, options?: { count?: "exact" | "planned" | "estimated" | undefined; } | undefined): PostgrestFilterBuilder<{ PostgrestVersion: "12"; }, never, never, null, "lot_tags", never, "POST">', gave the following error.
    Argument of type 'any[]' is not assignable to parameter of type 'never'.
  Overload 2 of 2, '(values: never[], options?: { count?: "exact" | "planned" | "estimated" | undefined; defaultToNull?: boolean | undefined; } | undefined): PostgrestFilterBuilder<{ PostgrestVersion: "12"; }, never, never, null, "lot_tags", never, "POST">', gave the following error.
    Argument of type 'any[]' is not assignable to parameter of type 'never[]'.
      Type 'any' is not assignable to type 'never'.
src/components/warehouse/lots/LotInboundBuffer.tsx(90,65): error TS2339: Property 'name' does not exist on type 'never'.
src/components/warehouse/lots/LotInboundBuffer.tsx(111,38): error TS2339: Property 'metadata' does not exist on type 'never'.
src/components/warehouse/lots/LotInboundBuffer.tsx(127,41): error TS2339: Property 'id' does not exist on type 'never'.
src/components/warehouse/lots/LotInboundBuffer.tsx(128,43): error TS2339: Property 'code' does not exist on type 'never'.
src/components/warehouse/lots/LotInboundBuffer.tsx(171,39): error TS2339: Property 'metadata' does not exist on type 'never'.
src/components/warehouse/lots/LotInboundBuffer.tsx(182,48): error TS2345: Argument of type '{ metadata: any; }' is not assignable to parameter of type 'never'.
src/components/warehouse/lots/LotInboundBuffer.tsx(212,47): error TS2339: Property 'metadata' does not exist on type 'never'.
src/components/warehouse/lots/LotInboundBuffer.tsx(227,56): error TS2345: Argument of type '{ metadata: any; }' is not assignable to parameter of type 'never'.
src/components/warehouse/lots/LotInboundBuffer.tsx(328,47): error TS2339: Property 'metadata' does not exist on type 'never'.
src/components/warehouse/lots/LotInboundBuffer.tsx(335,56): error TS2345: Argument of type '{ metadata: any; }' is not assignable to parameter of type 'never'.
src/components/warehouse/lots/LotMergeModal.tsx(51,35): error TS7006: Parameter 'item' implicitly has an 'any' type.
src/components/warehouse/lots/LotMergeModal.tsx(96,49): error TS7006: Parameter 'item' implicitly has an 'any' type.
src/components/warehouse/lots/LotMergeModal.tsx(100,35): error TS7006: Parameter 'item' implicitly has an 'any' type.
src/components/warehouse/lots/LotMergeModal.tsx(102,35): error TS7006: Parameter 'item' implicitly has an 'any' type.
src/components/warehouse/lots/LotMergeModal.tsx(120,54): error TS7006: Parameter 'item' implicitly has an 'any' type.
src/components/warehouse/lots/LotMergeModal.tsx(122,49): error TS7006: Parameter 'p' implicitly has an 'any' type.
src/components/warehouse/lots/LotMergeModal.tsx(147,68): error TS7006: Parameter 'i' implicitly has an 'any' type.
src/components/warehouse/lots/LotMergeModal.tsx(150,62): error TS7006: Parameter 'i' implicitly has an 'any' type.
src/components/warehouse/lots/LotMergeModal.tsx(174,61): error TS2345: Argument of type '{ quantity: number; }' is not assignable to parameter of type 'never'.
src/components/warehouse/lots/LotMergeModal.tsx(202,48): error TS2345: Argument of type '{ metadata: any; }' is not assignable to parameter of type 'never'.
src/components/warehouse/lots/LotMergeModal.tsx(205,96): error TS7006: Parameter 'i' implicitly has an 'any' type.
src/components/warehouse/lots/LotMergeModal.tsx(214,61): error TS2345: Argument of type '{ lot_id: null; }' is not assignable to parameter of type 'never'.
src/components/warehouse/lots/LotMergeModal.tsx(219,44): error TS2339: Property 'metadata' does not exist on type 'never'.
src/components/warehouse/lots/LotMergeModal.tsx(219,65): error TS2339: Property 'metadata' does not exist on type 'never'.
src/components/warehouse/lots/LotMergeModal.tsx(222,60): error TS2345: Argument of type '{ metadata: any; status: string; quantity: number; }' is not assignable to parameter of type 'never'.
src/components/warehouse/lots/LotMergeModal.tsx(301,75): error TS7006: Parameter 'item' implicitly has an 'any' type.
src/components/warehouse/lots/LotMergeModal.tsx(302,76): error TS7006: Parameter 'item' implicitly has an 'any' type.
src/components/warehouse/lots/LotMergeModal.tsx(316,85): error TS7006: Parameter 'item' implicitly has an 'any' type.
src/components/warehouse/lots/LotMergeModal.tsx(358,69): error TS7006: Parameter 'item' implicitly has an 'any' type.
src/components/warehouse/map/PositionActionManager.tsx(101,29): error TS2345: Argument of type 'any' is not assignable to parameter of type 'never'.
src/components/warehouse/map/PositionActionManager.tsx(191,25): error TS2345: Argument of type 'any' is not assignable to parameter of type 'never'.
src/components/warehouse/map/QuickBulkExportModal.tsx(86,38): error TS2339: Property 'lot_items' does not exist on type 'never'.
src/components/warehouse/map/QuickBulkExportModal.tsx(103,32): error TS2339: Property 'id' does not exist on type 'never'.
src/components/warehouse/map/QuickBulkExportModal.tsx(104,43): error TS2339: Property 'metadata' does not exist on type 'never'.
src/components/warehouse/map/QuickBulkExportModal.tsx(109,44): error TS2339: Property 'positions' does not exist on type 'never'.
src/components/warehouse/map/QuickBulkExportModal.tsx(116,83): error TS2345: Argument of type '{ quantity: number; metadata: any; status: string; system_code: any; }' is not assignable to parameter of type 'never'.
src/components/warehouse/map/QuickBulkExportModal.tsx(120,38): error TS2339: Property 'system_code' does not exist on type 'never'.
src/components/warehouse/map/QuickBulkExportModal.tsx(121,33): error TS2339: Property 'id' does not exist on type 'never'.
src/components/warehouse/map/QuickBulkExportModal.tsx(125,109): error TS2339: Property 'id' does not exist on type 'never'.
src/components/warehouse/map/QuickBulkExportModal.tsx(129,88): error TS2345: Argument of type '{ lot_id: null; }' is not assignable to parameter of type 'never'.
src/components/warehouse/map/QuickBulkExportModal.tsx(129,123): error TS2339: Property 'id' does not exist on type 'never'.
src/components/warehouse/map/QuickBulkExportModal.tsx(136,35): error TS2339: Property 'id' does not exist on type 'never'.
src/components/warehouse/map/QuickBulkExportModal.tsx(138,46): error TS2339: Property 'quantity' does not exist on type 'never'.
src/components/warehouse/map/QuickBulkExportModal.tsx(138,68): error TS2339: Property 'status' does not exist on type 'never'.
src/components/warehouse/map/QuickBulkExportModal.tsx(140,37): error TS2339: Property 'system_code' does not exist on type 'never'.
src/components/warehouse/map/SelectHallModal.tsx(112,79): error TS2339: Property 'rootZone' does not exist on type 'unknown'.
src/components/warehouse/map/SelectHallModal.tsx(112,89): error TS2339: Property 'groupHalls' does not exist on type 'unknown'.
src/components/warehouse/map/SelectHallModal.tsx(135,70): error TS7006: Parameter 'hall' implicitly has an 'any' type.
src/components/warehouse/status/ProductColorConfigModal.tsx(196,57): error TS2345: Argument of type 'any' is not assignable to parameter of type 'never'.
src/components/warehouse/status/StatusLayoutConfigPanel.tsx(230,25): error TS2769: No overload matches this call.
  Overload 1 of 2, '(values: never, options?: { onConflict?: string | undefined; ignoreDuplicates?: boolean | undefined; count?: "exact" | "planned" | "estimated" | undefined; } | undefined): PostgrestFilterBuilder<{ ...; }, ... 5 more ..., "POST">', gave the following error.
    Argument of type 'any[]' is not assignable to parameter of type 'never'.
  Overload 2 of 2, '(values: never[], options?: { onConflict?: string | undefined; ignoreDuplicates?: boolean | undefined; count?: "exact" | "planned" | "estimated" | undefined; defaultToNull?: boolean | undefined; } | undefined): PostgrestFilterBuilder<...>', gave the following error.
    Argument of type 'any[]' is not assignable to parameter of type 'never[]'.
      Type 'any' is not assignable to type 'never'.
src/components/warehouse/status/StatusLayoutConfigPanel.tsx(272,25): error TS2769: No overload matches this call.
  Overload 1 of 2, '(values: never, options?: { onConflict?: string | undefined; ignoreDuplicates?: boolean | undefined; count?: "exact" | "planned" | "estimated" | undefined; } | undefined): PostgrestFilterBuilder<{ ...; }, ... 5 more ..., "POST">', gave the following error.
    Argument of type '{ updated_at: string; position_columns: number; cell_width: number; cell_height: number; child_layout: string; child_columns: number; child_width: number; collapsible: boolean; display_type: string; layout_gap: number; container_height: number; use_full_title: boolean; zone_id: any; }' is not assignable to parameter of type 'never'.
  Overload 2 of 2, '(values: never[], options?: { onConflict?: string | undefined; ignoreDuplicates?: boolean | undefined; count?: "exact" | "planned" | "estimated" | undefined; defaultToNull?: boolean | undefined; } | undefined): PostgrestFilterBuilder<...>', gave the following error.
    Argument of type '{ updated_at: string; position_columns: number; cell_width: number; cell_height: number; child_layout: string; child_columns: number; child_width: number; collapsible: boolean; display_type: string; layout_gap: number; container_height: number; use_full_title: boolean; zone_id: any; }' is not assignable to parameter of type 'never[]'.
      Type '{ updated_at: string; position_columns: number; cell_width: number; cell_height: number; child_layout: string; child_columns: number; child_width: number; collapsible: boolean; display_type: string; layout_gap: number; container_height: number; use_full_title: boolean; zone_id: any; }' is missing the following properties from type 'never[]': length, pop, push, concat, and 35 more.
src/components/warehouse/status/StatusLayoutConfigPanel.tsx(316,25): error TS2769: No overload matches this call.
  Overload 1 of 2, '(values: never, options?: { onConflict?: string | undefined; ignoreDuplicates?: boolean | undefined; count?: "exact" | "planned" | "estimated" | undefined; } | undefined): PostgrestFilterBuilder<{ ...; }, ... 5 more ..., "POST">', gave the following error.
    Argument of type '{ updated_at: string; position_columns: number; cell_width: number; cell_height: number; child_layout: string; child_columns: number; child_width: number; collapsible: boolean; display_type: string; layout_gap: number; container_height: number; use_full_title: boolean; zone_id: any; }[]' is not assignable to parameter of type 'never'.
  Overload 2 of 2, '(values: never[], options?: { onConflict?: string | undefined; ignoreDuplicates?: boolean | undefined; count?: "exact" | "planned" | "estimated" | undefined; defaultToNull?: boolean | undefined; } | undefined): PostgrestFilterBuilder<...>', gave the following error.
    Argument of type '{ updated_at: string; position_columns: number; cell_width: number; cell_height: number; child_layout: string; child_columns: number; child_width: number; collapsible: boolean; display_type: string; layout_gap: number; container_height: number; use_full_title: boolean; zone_id: any; }[]' is not assignable to parameter of type 'never[]'.
      Type '{ updated_at: string; position_columns: number; cell_width: number; cell_height: number; child_layout: string; child_columns: number; child_width: number; collapsible: boolean; display_type: string; layout_gap: number; container_height: number; use_full_title: boolean; zone_id: any; }' is not assignable to type 'never'.
src/components/warehouse/status/WarehouseStatusMap.tsx(180,48): error TS7006: Parameter 'existing' implicitly has an 'any' type.
src/components/warehouse/status/WarehouseStatusMap.tsx(188,47): error TS7006: Parameter 'existing' implicitly has an 'any' type.
src/components/warehouse/status/WarehouseStatusMap.tsx(194,33): error TS7006: Parameter 'a' implicitly has an 'any' type.
src/components/warehouse/status/WarehouseStatusMap.tsx(194,36): error TS7006: Parameter 'b' implicitly has an 'any' type.
src/components/warehouse/status/WarehouseStatusMap.tsx(200,34): error TS7006: Parameter 'a' implicitly has an 'any' type.
src/components/warehouse/status/WarehouseStatusMap.tsx(200,37): error TS7006: Parameter 'b' implicitly has an 'any' type.
src/components/warehouse/status/WarehouseStatusMap.tsx(221,31): error TS7006: Parameter 'child' implicitly has an 'any' type.
src/components/warehouse/status/WarehouseStatusMap.tsx(266,53): error TS7006: Parameter 'pos' implicitly has an 'any' type.
src/components/warehouse/status/WarehouseStatusMap.tsx(269,44): error TS7006: Parameter 'child' implicitly has an 'any' type.
src/components/warehouse/status/WarehouseStatusMap.tsx(289,49): error TS7006: Parameter 'pos' implicitly has an 'any' type.
src/components/warehouse/status/WarehouseStatusMap.tsx(292,40): error TS7006: Parameter 'child' implicitly has an 'any' type.
src/components/warehouse/status/WarehouseStatusMap.tsx(415,53): error TS7006: Parameter 'pos' implicitly has an 'any' type.
src/components/warehouse/status/WarehouseStatusMap.tsx(436,52): error TS7006: Parameter 'child' implicitly has an 'any' type.
src/components/warehouse/zone-manager/PositionCreatorModal.tsx(567,52): error TS2339: Property 'id' does not exist on type '{ path: string; _status?: "new" | "modified" | "deleted" | "existing" | undefined; }'.
src/components/warehouse/zone-manager/PositionCreatorModal.tsx(568,74): error TS2339: Property 'id' does not exist on type '{ path: string; _status?: "new" | "modified" | "deleted" | "existing" | undefined; }'.
src/components/warehouse/zone-manager/PositionCreatorModal.tsx(569,183): error TS2339: Property 'id' does not exist on type '{ path: string; _status?: "new" | "modified" | "deleted" | "existing" | undefined; }'.
src/components/warehouse/zone-manager/PositionCreatorModal.tsx(575,126): error TS2339: Property 'name' does not exist on type '{ path: string; _status?: "new" | "modified" | "deleted" | "existing" | undefined; }'.
src/components/warehouse/zone-manager/PositionCreatorModal.tsx(576,75): error TS2339: Property 'id' does not exist on type '{ path: string; _status?: "new" | "modified" | "deleted" | "existing" | undefined; }'.
src/components/warehouse/zone-manager/PositionCreatorModal.tsx(579,106): error TS2339: Property 'code' does not exist on type '{ path: string; _status?: "new" | "modified" | "deleted" | "existing" | undefined; }'.
src/components/warehouse/zone-manager/PositionCreatorModal.tsx(583,84): error TS2339: Property 'id' does not exist on type '{ path: string; _status?: "new" | "modified" | "deleted" | "existing" | undefined; }'.
src/components/warehouse/zone-manager/PositionCreatorModal.tsx(584,122): error TS2339: Property 'id' does not exist on type '{ path: string; _status?: "new" | "modified" | "deleted" | "existing" | undefined; }'.
src/components/warehouse/zone-manager/PositionCreatorModal.tsx(585,81): error TS2339: Property 'id' does not exist on type '{ path: string; _status?: "new" | "modified" | "deleted" | "existing" | undefined; }'.
src/components/warehouse/zone-manager/PositionCreatorModal.tsx(587,101): error TS2339: Property 'id' does not exist on type '{ path: string; _status?: "new" | "modified" | "deleted" | "existing" | undefined; }'.
src/components/warehouse/zone-manager/PositionCreatorModal.tsx(589,65): error TS2339: Property 'id' does not exist on type '{ path: string; _status?: "new" | "modified" | "deleted" | "existing" | undefined; }'.
src/components/warehouse/zone-manager/useZoneManager.ts(455,47): error TS2339: Property 'position_id' does not exist on type 'never'.
src/components/warehouse/zone-manager/useZoneManager.ts(463,46): error TS2339: Property 'id' does not exist on type 'never'.
src/components/warehouse/zone-manager/useZoneManager.ts(471,46): error TS2339: Property 'id' does not exist on type 'never'.
src/lib/audit.ts(38,61): error TS2769: No overload matches this call.
  Overload 1 of 2, '(values: never, options?: { count?: "exact" | "planned" | "estimated" | undefined; } | undefined): PostgrestFilterBuilder<{ PostgrestVersion: "12"; }, never, never, null, "audit_logs", never, "POST">', gave the following error.
    Argument of type '{ table_name: string; record_id: string; action: AuditAction; old_data: any; new_data: any; changed_by: string | undefined; system_code: string | null | undefined; }' is not assignable to parameter of type 'never'.
  Overload 2 of 2, '(values: never[], options?: { count?: "exact" | "planned" | "estimated" | undefined; defaultToNull?: boolean | undefined; } | undefined): PostgrestFilterBuilder<{ PostgrestVersion: "12"; }, never, never, null, "audit_logs", never, "POST">', gave the following error.
    Object literal may only specify known properties, and 'table_name' does not exist in type 'never[]'.
src/lib/audit.ts(82,60): error TS2339: Property 'changed_by' does not exist on type 'never'.
src/lib/audit.ts(103,9): error TS2698: Spread types may only be created from object types.
src/lib/audit.ts(104,30): error TS2339: Property 'changed_by' does not exist on type 'never'.
src/lib/audit.ts(104,62): error TS2339: Property 'changed_by' does not exist on type 'never'.
src/lib/audit.ts(130,13): error TS2339: Property 'changed_by' does not exist on type 'never'.
src/lib/audit.ts(134,27): error TS2339: Property 'changed_by' does not exist on type 'never'.
src/lib/audit.ts(141,9): error TS2698: Spread types may only be created from object types.
src/lib/audit.ts(182,9): error TS2698: Spread types may only be created from object types.
src/lib/audit.ts(217,60): error TS2339: Property 'changed_by' does not exist on type 'never'.
src/lib/audit.ts(236,9): error TS2698: Spread types may only be created from object types.
src/lib/audit.ts(237,30): error TS2339: Property 'changed_by' does not exist on type 'never'.
src/lib/audit.ts(237,62): error TS2339: Property 'changed_by' does not exist on type 'never'.
src/lib/operationalNotes.ts(50,10): error TS2769: No overload matches this call.
  Overload 1 of 2, '(values: never, options?: { count?: "exact" | "planned" | "estimated" | undefined; } | undefined): PostgrestFilterBuilder<{ PostgrestVersion: "12"; }, never, never, null, "operational_notes", never, "POST">', gave the following error.
    Argument of type '{ content: string; user_id: string; parent_id: string | null; images: string[]; system_code: string | undefined; }' is not assignable to parameter of type 'never'.
  Overload 2 of 2, '(values: never[], options?: { count?: "exact" | "planned" | "estimated" | undefined; defaultToNull?: boolean | undefined; } | undefined): PostgrestFilterBuilder<{ PostgrestVersion: "12"; }, never, never, null, "operational_notes", never, "POST">', gave the following error.
    Object literal may only specify known properties, and 'content' does not exist in type 'never[]'.
src/lib/productionCodeUtils.ts(47,74): error TS2339: Property 'production_code' does not exist on type 'never'.
